C51 COMPILER V9.59.0.0   MAX7219                                                           01/19/2019 20:05:14 PAGE 1   


C51 COMPILER V9.59.0.0, COMPILATION OF MODULE MAX7219
OBJECT MODULE PLACED IN .\Objects\max7219.obj
COMPILER INVOKED BY: D:\Keil_v5\C51\BIN\C51.EXE max7219.c COMPACT OPTIMIZE(8,SPEED) BROWSE DEBUG OBJECTEXTEND PRINT(.\Li
                    -stings\max7219.lst) TABS(2) OBJECT(.\Objects\max7219.obj)

line level    source

   1          #include <reg52.h>
   2          #include <intrins.h>
   3          #include "delay.h"
   4          
   5          #define uchar unsigned char
   6          #define writeNop writeData(0, 0)
   7          
   8          sbit CS = P2^6;
   9          sbit DATA = P2^7;
  10          sbit CLK = P2^5;
  11          
  12          void MAX7219_WriteData(uchar addr, uchar dat) {
  13   1        uchar i;
  14   1        for (i = 0; i < 8; i++) {
  15   2          CLK = 0;
  16   2          DATA = (bit) (addr & 0x80);
  17   2          addr <<= 1;
  18   2          CLK = 1;
  19   2        }
  20   1        for (i = 0; i < 8; i++) {
  21   2          CLK = 0;
  22   2          DATA = (bit) (dat & 0x80);
  23   2          dat <<= 1;
  24   2          CLK = 1;
  25   2        }
  26   1      }
  27          
  28          void MAX7219_Write(uchar addr, uchar dat0, uchar dat1, uchar dat2, uchar dat3) {
  29   1        CS = 0;
  30   1        MAX7219_WriteData(addr, dat3);
  31   1        MAX7219_WriteData(addr, dat2);
  32   1        MAX7219_WriteData(addr, dat1);
  33   1        MAX7219_WriteData(addr, dat0);
  34   1        CS = 1;
  35   1      }
  36          
  37          void MAX7219_WriteAll(uchar addr, uchar dat) {
  38   1        MAX7219_Write(addr, dat, dat, dat, dat);
  39   1      }
  40          
  41          void MAX7219_Init() {
  42   1        MAX7219_WriteAll(0x0C, 0x00); // 关显示
  43   1        _nop_();
  44   1        _nop_();
  45   1        _nop_();
  46   1        MAX7219_WriteAll(0x0A, 0x03); // 亮度
  47   1        MAX7219_WriteAll(0x09, 0x00); // 正常显示模式
  48   1        MAX7219_WriteAll(0x01, 0x00); // 清屏
  49   1        MAX7219_WriteAll(0x02, 0x00);
  50   1        MAX7219_WriteAll(0x03, 0x00);
  51   1        MAX7219_WriteAll(0x04, 0x00);
  52   1        MAX7219_WriteAll(0x05, 0x00);
  53   1        MAX7219_WriteAll(0x06, 0x00);
  54   1        MAX7219_WriteAll(0x07, 0x00);
C51 COMPILER V9.59.0.0   MAX7219                                                           01/19/2019 20:05:14 PAGE 2   

  55   1        MAX7219_WriteAll(0x08, 0x00);
  56   1        MAX7219_WriteAll(0x0C, 0x01); // 启动
  57   1        MAX7219_WriteAll(0x0B, 0x07); // 扫描限制
  58   1      }


MODULE INFORMATION:   STATIC OVERLAYABLE
   CODE SIZE        =    204    ----
   CONSTANT SIZE    =   ----    ----
   XDATA SIZE       =   ----    ----
   PDATA SIZE       =   ----       5
   DATA SIZE        =   ----    ----
   IDATA SIZE       =   ----    ----
   BIT SIZE         =   ----    ----
END OF MODULE INFORMATION.


C51 COMPILATION COMPLETE.  0 WARNING(S),  0 ERROR(S)
